[main] INFO io.javalin.Javalin - Starting Javalin ...
[main] INFO org.eclipse.jetty.server.Server - jetty-11.0.20; built: 2024-01-29T21:04:22.394Z; git: 922f8dc188f7011e60d0361de585fd4ac4d63064; jvm 25.0.3+9-LTS-195
[main] INFO org.eclipse.jetty.server.session.DefaultSessionIdManager - Session workerName=node0
[main] INFO org.eclipse.jetty.server.handler.ContextHandler - Started o.e.j.s.ServletContextHandler@6236eb5f{/,null,AVAILABLE}
[main] INFO org.eclipse.jetty.server.AbstractConnector - Started ServerConnector@419c5f1a{HTTP/1.1, (http/1.1)}{0.0.0.0:8080}
[main] INFO org.eclipse.jetty.server.Server - Started Server@3c419631{STARTING}[11.0.20,sto=0] @592ms
[main] INFO io.javalin.Javalin - 
       __                  ___           _____
      / /___ __   ______ _/ (_)___      / ___/
 __  / / __ `/ | / / __ `/ / / __ \    / __ \
/ /_/ / /_/ /| |/ / /_/ / / / / / /   / /_/ /
\____/\__,_/ |___/\__,_/_/_/_/ /_/    \____/

       https://javalin.io/documentation

[main] INFO io.javalin.Javalin - Javalin started in 330ms \o/
[main] INFO io.javalin.Javalin - Static file handler added: StaticFileConfig(hostedPath=/, directory=/public, location=CLASSPATH, precompress=false, aliasCheck=null, headers={Cache-Control=max-age=0}, skipFileFunction=Function1<jakarta.servlet.http.HttpServletRequest, java.lang.Boolean>, mimeTypes={}). File system location: 'jar:file:/C:/dev/gestao-recursos/servidor/target/servidor.jar!/public'
[main] INFO io.javalin.Javalin - Listening on http://localhost:8080/
[main] INFO io.javalin.Javalin - You are running Javalin 6.1.6 (released May 28, 2024. Your Javalin version is 728 days old. Consider checking for a newer version.).
[cover-migration] WARN org.apache.fontbox.cff.Type1CharString -  COMMONS-LOGGING Unknown charstring command in glyph n of font DDDELB+GillSans
[cover-migration] WARN org.apache.fontbox.cff.Type1CharString -  COMMONS-LOGGING Unknown charstring command in glyph n of font DDDELB+GillSans
[cover-migration] WARN org.apache.fontbox.cff.Type1CharString -  COMMONS-LOGGING Unknown charstring command in glyph n of font DDDELB+GillSans
[cover-migration] WARN org.apache.fontbox.cff.Type1CharString -  COMMONS-LOGGING Unknown charstring command in glyph i of font DDDELB+GillSans
[cover-migration] WARN org.apache.fontbox.cff.Type1CharString -  COMMONS-LOGGING Unknown charstring command in glyph i of font DDDELB+GillSans
[cover-migration] WARN org.apache.fontbox.cff.Type1CharString -  COMMONS-LOGGING Unknown charstring command in glyph m of font DDDELA+GillSans-Light
[cover-migration] WARN org.apache.fontbox.cff.Type1CharString -  COMMONS-LOGGING Unknown charstring command in glyph m of font DDDELA+GillSans-Light
[cover-migration] WARN org.apache.fontbox.cff.Type1CharString -  COMMONS-LOGGING Unknown charstring command in glyph m of font DDDELA+GillSans-Light
[cover-migration] WARN org.apache.fontbox.cff.Type1CharString -  COMMONS-LOGGING Unknown charstring command in glyph m of font DDDELA+GillSans-Light
[cover-migration] WARN org.apache.fontbox.cff.Type1CharString -  COMMONS-LOGGING Unknown charstring command in glyph i of font DDDELA+GillSans-Light
[cover-migration] WARN org.apache.fontbox.cff.Type1CharString -  COMMONS-LOGGING Unknown charstring command in glyph u of font DDDELA+GillSans-Light
[cover-migration] WARN org.apache.fontbox.cff.Type1CharString -  COMMONS-LOGGING Unknown charstring command in glyph u of font DDDELA+GillSans-Light
[cover-migration] WARN org.apache.fontbox.cff.Type1CharString -  COMMONS-LOGGING Unknown charstring command in glyph u of font DDDELA+GillSans-Light
[cover-migration] WARN org.apache.fontbox.cff.Type1CharString -  COMMONS-LOGGING Unknown charstring command in glyph n of font DDDELA+GillSans-Light
[cover-migration] WARN org.apache.fontbox.cff.Type1CharString -  COMMONS-LOGGING Unknown charstring command in glyph n of font DDDELA+GillSans-Light
[cover-migration] WARN org.apache.fontbox.cff.Type1CharString -  COMMONS-LOGGING Unknown charstring command in glyph n of font DDDELA+GillSans-Light
[cover-migration] WARN org.apache.fontbox.cff.Type1CharString -  COMMONS-LOGGING Unknown charstring command in glyph r of font DDDELA+GillSans-Light
[cover-migration] WARN org.apache.fontbox.cff.Type1CharString -  COMMONS-LOGGING Unknown charstring command in glyph r of font DDDELA+GillSans-Light
[cover-migration] WARN org.apache.fontbox.cff.Type1CharString -  COMMONS-LOGGING Unknown charstring command in glyph r of font DDDELA+GillSans-Light
[cover-migration] WARN org.apache.fontbox.cff.Type1CharString -  COMMONS-LOGGING Unknown charstring command in glyph g of font DDDELA+GillSans-Light
[cover-migration] WARN org.apache.fontbox.cff.Type1CharString -  COMMONS-LOGGING Unknown charstring command in glyph g of font DDDELA+GillSans-Light
[cover-migration] WARN org.apache.fontbox.cff.Type1CharString -  COMMONS-LOGGING Unknown charstring command in glyph g of font DDDELA+GillSans-Light
[cover-migration] WARN org.apache.fontbox.cff.Type1CharString -  COMMONS-LOGGING Unknown charstring command in glyph g of font DDDELA+GillSans-Light
[cover-migration] WARN org.apache.fontbox.cff.Type1CharString -  COMMONS-LOGGING Unknown charstring command in glyph g of font DDDELA+GillSans-Light
[cover-migration] WARN org.apache.fontbox.cff.Type1CharString -  COMMONS-LOGGING Unknown charstring command in glyph g of font DDDELA+GillSans-Light
[cover-migration] WARN org.apache.fontbox.cff.Type1CharString -  COMMONS-LOGGING Unknown charstring command in glyph g of font DDDELA+GillSans-Light
[cover-migration] WARN org.apache.fontbox.cff.Type1CharString -  COMMONS-LOGGING Unknown charstring command in glyph g of font DDDELA+GillSans-Light
[cover-migration] WARN org.apache.fontbox.cff.Type1CharString -  COMMONS-LOGGING Unknown charstring command in glyph p of font DDDELA+GillSans-Light
[cover-migration] WARN org.apache.fontbox.cff.Type1CharString -  COMMONS-LOGGING Unknown charstring command in glyph p of font DDDELA+GillSans-Light
[cover-migration] WARN org.apache.fontbox.cff.Type1CharString -  COMMONS-LOGGING Unknown charstring command in glyph p of font DDDELA+GillSans-Light
[cover-migration] WARN org.apache.fontbox.cff.Type1CharString -  COMMONS-LOGGING Unknown charstring command in glyph d of font DDDELA+GillSans-Light
[cover-migration] WARN org.apache.fontbox.cff.Type1CharString -  COMMONS-LOGGING Unknown charstring command in glyph d of font DDDELA+GillSans-Light
[cover-migration] WARN org.apache.fontbox.cff.Type1CharString -  COMMONS-LOGGING Unknown charstring command in glyph d of font DDDELA+GillSans-Light
[cover-migration] WARN org.apache.fontbox.cff.Type1CharString -  COMMONS-LOGGING Unknown charstring command in glyph q of font DDDELA+GillSans-Light
[cover-migration] WARN org.apache.fontbox.cff.Type1CharString -  COMMONS-LOGGING Unknown charstring command in glyph q of font DDDELA+GillSans-Light
[cover-migration] WARN org.apache.fontbox.cff.Type1CharString -  COMMONS-LOGGING Unknown charstring command in glyph q of font DDDELA+GillSans-Light
[cover-migration] WARN org.apache.fontbox.cff.Type1CharString -  COMMONS-LOGGING Unknown charstring command in glyph z of font DDDELA+GillSans-Light
[cover-migration] WARN org.apache.fontbox.cff.Type1CharString -  COMMONS-LOGGING Unknown charstring command in glyph z of font DDDELA+GillSans-Light
[cover-migration] WARN org.apache.fontbox.cff.Type1CharString -  COMMONS-LOGGING Unknown charstring command in glyph M of font DDDELA+GillSans-Light
[cover-migration] WARN org.apache.fontbox.cff.Type1CharString -  COMMONS-LOGGING Unknown charstring command in glyph M of font DDDELA+GillSans-Light
[cover-migration] WARN org.apache.fontbox.cff.Type1CharString -  COMMONS-LOGGING Unknown charstring command in glyph colon of font DDDELA+GillSans-Light
[cover-migration] WARN org.apache.fontbox.cff.Type1CharString -  COMMONS-LOGGING Unknown charstring command in glyph colon of font DDDELA+GillSans-Light
[cover-migration] WARN org.apache.fontbox.cff.Type1CharString -  COMMONS-LOGGING Unknown charstring command in glyph three of font DDDELA+GillSans-Light
[cover-migration] WARN org.apache.fontbox.cff.Type1CharString -  COMMONS-LOGGING Unknown charstring command in glyph three of font DDDELA+GillSans-Light
[cover-migration] WARN org.apache.fontbox.cff.Type1CharString -  COMMONS-LOGGING Unknown charstring command in glyph three of font DDDELA+GillSans-Light
[cover-migration] WARN org.apache.fontbox.cff.Type1CharString -  COMMONS-LOGGING Unknown charstring command in glyph three of font DDDELA+GillSans-Light
[cover-migration] WARN org.apache.fontbox.cff.Type1CharString -  COMMONS-LOGGING Unknown charstring command in glyph eight of font DDDELA+GillSans-Light
[cover-migration] WARN org.apache.fontbox.cff.Type1CharString -  COMMONS-LOGGING Unknown charstring command in glyph eight of font DDDELA+GillSans-Light
[cover-migration] WARN org.apache.fontbox.cff.Type1CharString -  COMMONS-LOGGING Unknown charstring command in glyph eight of font DDDELA+GillSans-Light
[cover-migration] WARN org.apache.fontbox.cff.Type1CharString -  COMMONS-LOGGING Unknown charstring command in glyph eight of font DDDELA+GillSans-Light
[cover-migration] WARN org.apache.fontbox.cff.Type1CharString -  COMMONS-LOGGING Unknown charstring command in glyph eight of font DDDELA+GillSans-Light
[cover-migration] WARN org.apache.fontbox.cff.Type1CharString -  COMMONS-LOGGING Unknown charstring command in glyph eight of font DDDELA+GillSans-Light
[cover-migration] WARN org.apache.fontbox.cff.Type1CharString -  COMMONS-LOGGING Unknown charstring command in glyph eight of font DDDELA+GillSans-Light
[cover-migration] WARN org.apache.fontbox.cff.Type1CharString -  COMMONS-LOGGING Unknown charstring command in glyph B of font DDDELA+GillSans-Light
[cover-migration] WARN org.apache.fontbox.cff.Type1CharString -  COMMONS-LOGGING Unknown charstring command in glyph B of font DDDELA+GillSans-Light
[cover-migration] WARN org.apache.fontbox.cff.Type1CharString -  COMMONS-LOGGING Unknown charstring command in glyph B of font DDDELA+GillSans-Light
[cover-migration] WARN org.apache.fontbox.cff.Type1CharString -  COMMONS-LOGGING Unknown charstring command in glyph B of font DDDELA+GillSans-Light
[cover-migration] WARN org.apache.fontbox.cff.Type1CharString -  COMMONS-LOGGING Unknown charstring command in glyph r of font DDDELB+GillSans
[cover-migration] WARN org.apache.fontbox.cff.Type1CharString -  COMMONS-LOGGING Unknown charstring command in glyph r of font DDDELB+GillSans
[cover-migration] WARN org.apache.fontbox.cff.Type1CharString -  COMMONS-LOGGING Unknown charstring command in glyph r of font DDDELB+GillSans
[cover-migration] WARN org.apache.fontbox.cff.Type1CharString -  COMMONS-LOGGING Unknown charstring command in glyph dieresis of font DDDELA+GillSans-Light
[cover-migration] WARN org.apache.fontbox.cff.Type1CharString -  COMMONS-LOGGING Unknown charstring command in glyph dieresis of font DDDELA+GillSans-Light
[cover-migration] WARN org.apache.fontbox.cff.Type1CharString -  COMMONS-LOGGING Unknown charstring command in glyph w of font DDDEHO+Optima
[cover-migration] WARN org.apache.fontbox.cff.Type1CharString -  COMMONS-LOGGING Unknown charstring command in glyph w of font DDDEHO+Optima
[cover-migration] WARN org.apache.fontbox.cff.Type1CharString -  COMMONS-LOGGING Unknown charstring command in glyph w of font DDDEHO+Optima
[cover-migration] WARN org.apache.fontbox.cff.Type1CharString -  COMMONS-LOGGING Unknown charstring command in glyph w of font DDDEHO+Optima
[cover-migration] WARN org.apache.fontbox.cff.Type1CharString -  COMMONS-LOGGING Unknown charstring command in glyph p of font DDDEHO+Optima
[cover-migration] WARN org.apache.fontbox.cff.Type1CharString -  COMMONS-LOGGING Unknown charstring command in glyph p of font DDDEHO+Optima
[cover-migration] WARN org.apache.fontbox.cff.Type1CharString -  COMMONS-LOGGING Unknown charstring command in glyph a of font DDDEHO+Optima
[cover-migration] WARN org.apache.fontbox.cff.Type1CharString -  COMMONS-LOGGING Unknown charstring command in glyph a of font DDDEHO+Optima
[cover-migration] WARN org.apache.fontbox.cff.Type1CharString -  COMMONS-LOGGING Unknown charstring command in glyph a of font DDDEHO+Optima
[cover-migration] WARN org.apache.fontbox.cff.Type1CharString -  COMMONS-LOGGING Unknown charstring command in glyph a of font DDDEHO+Optima
[cover-migration] WARN org.apache.fontbox.cff.Type1CharString -  COMMONS-LOGGING Unknown charstring command in glyph r of font DDDEHO+Optima
[cover-migration] WARN org.apache.fontbox.cff.Type1CharString -  COMMONS-LOGGING Unknown charstring command in glyph r of font DDDEHO+Optima
[cover-migration] WARN org.apache.fontbox.cff.Type1CharString -  COMMONS-LOGGING Unknown charstring command in glyph r of font DDDEHO+Optima
[cover-migration] WARN org.apache.fontbox.cff.Type1CharString -  COMMONS-LOGGING Unknown charstring command in glyph r of font DDDEHO+Optima
[cover-migration] WARN org.apache.fontbox.cff.Type1CharString -  COMMONS-LOGGING Unknown charstring command in glyph r of font DDDEHO+Optima
[cover-migration] WARN org.apache.fontbox.cff.Type1CharString -  COMMONS-LOGGING Unknown charstring command in glyph s of font DDDEHO+Optima
[cover-migration] WARN org.apache.fontbox.cff.Type1CharString -  COMMONS-LOGGING Unknown charstring command in glyph s of font DDDEHO+Optima
[cover-migration] WARN org.apache.fontbox.cff.Type1CharString -  COMMONS-LOGGING Unknown charstring command in glyph s of font DDDEHO+Optima
[cover-migration] WARN org.apache.fontbox.cff.Type1CharString -  COMMONS-LOGGING Unknown charstring command in glyph s of font DDDEHO+Optima
[cover-migration] WARN org.apache.fontbox.cff.Type1CharString -  COMMONS-LOGGING Unknown charstring command in glyph s of font DDDEHO+Optima
[cover-migration] WARN org.apache.fontbox.cff.Type1CharString -  COMMONS-LOGGING Unknown charstring command in glyph s of font DDDEHO+Optima
[cover-migration] WARN org.apache.fontbox.cff.Type1CharString -  COMMONS-LOGGING Unknown charstring command in glyph n of font DDDEHO+Optima
[cover-migration] WARN org.apache.fontbox.cff.Type1CharString -  COMMONS-LOGGING Unknown charstring command in glyph n of font DDDEHO+Optima
[cover-migration] WARN org.apache.fontbox.cff.Type1CharString -  COMMONS-LOGGING Unknown charstring command in glyph n of font DDDEHO+Optima
[cover-migration] WARN org.apache.fontbox.cff.Type1CharString -  COMMONS-LOGGING Unknown charstring command in glyph b of font DDDEHO+Optima
[cover-migration] WARN org.apache.fontbox.cff.Type1CharString -  COMMONS-LOGGING Unknown charstring command in glyph b of font DDDEHO+Optima
[cover-migration] WARN org.apache.fontbox.cff.Type1CharString -  COMMONS-LOGGING Unknown charstring command in glyph b of font DDDEHO+Optima
[cover-migration] WARN org.apache.fontbox.cff.Type1CharString -  COMMONS-LOGGING Unknown charstring command in glyph m of font DDDEHO+Optima
[cover-migration] WARN org.apache.fontbox.cff.Type1CharString -  COMMONS-LOGGING Unknown charstring command in glyph m of font DDDEHO+Optima
[cover-migration] WARN org.apache.fontbox.cff.Type1CharString -  COMMONS-LOGGING Unknown charstring command in glyph S of font DDFIOE+Courier
[cover-migration] WARN org.apache.fontbox.cff.Type1CharString -  COMMONS-LOGGING Unknown charstring command in glyph S of font DDFIOE+Courier
[cover-migration] WARN org.apache.fontbox.cff.Type1CharString -  COMMONS-LOGGING Unknown charstring command in glyph S of font DDFIOE+Courier
[cover-migration] WARN org.apache.fontbox.cff.Type1CharString -  COMMONS-LOGGING Unknown charstring command in glyph S of font DDFIOE+Courier
[cover-migration] WARN org.apache.fontbox.cff.Type1CharString -  COMMONS-LOGGING Unknown charstring command in glyph S of font DDFIOE+Courier
[cover-migration] WARN org.apache.fontbox.cff.Type1CharString -  COMMONS-LOGGING Unknown charstring command in glyph S of font DDFIOE+Courier
[cover-migration] WARN org.apache.fontbox.cff.Type1CharString -  COMMONS-LOGGING Unknown charstring command in glyph S of font DDFIOE+Courier
[cover-migration] WARN org.apache.fontbox.cff.Type1CharString -  COMMONS-LOGGING Unknown charstring command in glyph S of font DDFIOE+Courier
[cover-migration] WARN org.apache.fontbox.cff.Type1CharString -  COMMONS-LOGGING Unknown charstring command in glyph S of font DDFIOE+Courier
[cover-migration] WARN org.apache.fontbox.cff.Type1CharString -  COMMONS-LOGGING Unknown charstring command in glyph c of font DDFIOE+Courier
[cover-migration] WARN org.apache.fontbox.cff.Type1CharString -  COMMONS-LOGGING Unknown charstring command in glyph c of font DDFIOE+Courier
[cover-migration] WARN org.apache.fontbox.cff.Type1CharString -  COMMONS-LOGGING Unknown charstring command in glyph r of font DDFIOE+Courier
[cover-migration] WARN org.apache.fontbox.cff.Type1CharString -  COMMONS-LOGGING Unknown charstring command in glyph r of font DDFIOE+Courier
[cover-migration] WARN org.apache.fontbox.cff.Type1CharString -  COMMONS-LOGGING Unknown charstring command in glyph r of font DDFIOE+Courier
[cover-migration] WARN org.apache.fontbox.cff.Type1CharString -  COMMONS-LOGGING Unknown charstring command in glyph p of font DDFIOE+Courier
[cover-migration] WARN org.apache.fontbox.cff.Type1CharString -  COMMONS-LOGGING Unknown charstring command in glyph p of font DDFIOE+Courier
[cover-migration] WARN org.apache.fontbox.cff.Type1CharString -  COMMONS-LOGGING Unknown charstring command in glyph p of font DDFIOE+Courier
[cover-migration] WARN org.apache.fontbox.cff.Type1CharString -  COMMONS-LOGGING Unknown charstring command in glyph p of font DDFIOE+Courier
[cover-migration] WARN org.apache.fontbox.cff.Type1CharString -  COMMONS-LOGGING Unknown charstring command in glyph three of font DDFIOE+Courier
[cover-migration] WARN org.apache.fontbox.cff.Type1CharString -  COMMONS-LOGGING Unknown charstring command in glyph three of font DDFIOE+Courier
[cover-migration] WARN org.apache.fontbox.cff.Type1CharString -  COMMONS-LOGGING Unknown charstring command in glyph three of font DDFIOE+Courier
[cover-migration] WARN org.apache.fontbox.cff.Type1CharString -  COMMONS-LOGGING Unknown charstring command in glyph three of font DDFIOE+Courier
[cover-migration] WARN org.apache.fontbox.cff.Type1CharString -  COMMONS-LOGGING Unknown charstring command in glyph eight of font DDFIOE+Courier
[cover-migration] WARN org.apache.fontbox.cff.Type1CharString -  COMMONS-LOGGING Unknown charstring command in glyph eight of font DDFIOE+Courier
[cover-migration] WARN org.apache.fontbox.cff.Type1CharString -  COMMONS-LOGGING Unknown charstring command in glyph eight of font DDFIOE+Courier
[cover-migration] WARN org.apache.fontbox.cff.Type1CharString -  COMMONS-LOGGING Unknown charstring command in glyph eight of font DDFIOE+Courier
[cover-migration] WARN org.apache.fontbox.cff.Type1CharString -  COMMONS-LOGGING Unknown charstring command in glyph eight of font DDFIOE+Courier
[cover-migration] WARN org.apache.fontbox.cff.Type1CharString -  COMMONS-LOGGING Unknown charstring command in glyph a of font DDFIOE+Courier
[cover-migration] WARN org.apache.fontbox.cff.Type1CharString -  COMMONS-LOGGING Unknown charstring command in glyph a of font DDFIOE+Courier
[cover-migration] WARN org.apache.fontbox.cff.Type1CharString -  COMMONS-LOGGING Unknown charstring command in glyph a of font DDFIOE+Courier
[cover-migration] WARN org.apache.fontbox.cff.Type1CharString -  COMMONS-LOGGING Unknown charstring command in glyph a of font DDFIOE+Courier
[cover-migration] WARN org.apache.fontbox.cff.Type1CharString -  COMMONS-LOGGING Unknown charstring command in glyph g of font DDFIOE+Courier
[cover-migration] WARN org.apache.fontbox.cff.Type1CharString -  COMMONS-LOGGING Unknown charstring command in glyph g of font DDFIOE+Courier
[cover-migration] WARN org.apache.fontbox.cff.Type1CharString -  COMMONS-LOGGING Unknown charstring command in glyph n of font DDDELB+GillSans
[cover-migration] WARN org.apache.fontbox.cff.Type1CharString -  COMMONS-LOGGING Unknown charstring command in glyph n of font DDDELB+GillSans
[cover-migration] WARN org.apache.fontbox.cff.Type1CharString -  COMMONS-LOGGING Unknown charstring command in glyph n of font DDDELB+GillSans
[cover-migration] WARN org.apache.fontbox.cff.Type1CharString -  COMMONS-LOGGING Unknown charstring command in glyph i of font DDDELB+GillSans
[cover-migration] WARN org.apache.fontbox.cff.Type1CharString -  COMMONS-LOGGING Unknown charstring command in glyph i of font DDDELB+GillSans
[cover-migration] WARN org.apache.fontbox.cff.Type1CharString -  COMMONS-LOGGING Unknown charstring command in glyph m of font DDDELA+GillSans-Light
[cover-migration] WARN org.apache.fontbox.cff.Type1CharString -  COMMONS-LOGGING Unknown charstring command in glyph m of font DDDELA+GillSans-Light
[cover-migration] WARN org.apache.fontbox.cff.Type1CharString -  COMMONS-LOGGING Unknown charstring command in glyph m of font DDDELA+GillSans-Light
[cover-migration] WARN org.apache.fontbox.cff.Type1CharString -  COMMONS-LOGGING Unknown charstring command in glyph m of font DDDELA+GillSans-Light
[cover-migration] WARN org.apache.fontbox.cff.Type1CharString -  COMMONS-LOGGING Unknown charstring command in glyph i of font DDDELA+GillSans-Light
[cover-migration] WARN org.apache.fontbox.cff.Type1CharString -  COMMONS-LOGGING Unknown charstring command in glyph u of font DDDELA+GillSans-Light
[cover-migration] WARN org.apache.fontbox.cff.Type1CharString -  COMMONS-LOGGING Unknown charstring command in glyph u of font DDDELA+GillSans-Light
[cover-migration] WARN org.apache.fontbox.cff.Type1CharString -  COMMONS-LOGGING Unknown charstring command in glyph u of font DDDELA+GillSans-Light
[cover-migration] WARN org.apache.fontbox.cff.Type1CharString -  COMMONS-LOGGING Unknown charstring command in glyph n of font DDDELA+GillSans-Light
[cover-migration] WARN org.apache.fontbox.cff.Type1CharString -  COMMONS-LOGGING Unknown charstring command in glyph n of font DDDELA+GillSans-Light
[cover-migration] WARN org.apache.fontbox.cff.Type1CharString -  COMMONS-LOGGING Unknown charstring command in glyph n of font DDDELA+GillSans-Light
[cover-migration] WARN org.apache.fontbox.cff.Type1CharString -  COMMONS-LOGGING Unknown charstring command in glyph r of font DDDELA+GillSans-Light
[cover-migration] WARN org.apache.fontbox.cff.Type1CharString -  COMMONS-LOGGING Unknown charstring command in glyph r of font DDDELA+GillSans-Light
[cover-migration] WARN org.apache.fontbox.cff.Type1CharString -  COMMONS-LOGGING Unknown charstring command in glyph r of font DDDELA+GillSans-Light
[cover-migration] WARN org.apache.fontbox.cff.Type1CharString -  COMMONS-LOGGING Unknown charstring command in glyph g of font DDDELA+GillSans-Light
[cover-migration] WARN org.apache.fontbox.cff.Type1CharString -  COMMONS-LOGGING Unknown charstring command in glyph g of font DDDELA+GillSans-Light
[cover-migration] WARN org.apache.fontbox.cff.Type1CharString -  COMMONS-LOGGING Unknown charstring command in glyph g of font DDDELA+GillSans-Light
[cover-migration] WARN org.apache.fontbox.cff.Type1CharString -  COMMONS-LOGGING Unknown charstring command in glyph g of font DDDELA+GillSans-Light
[cover-migration] WARN org.apache.fontbox.cff.Type1CharString -  COMMONS-LOGGING Unknown charstring command in glyph g of font DDDELA+GillSans-Light
[cover-migration] WARN org.apache.fontbox.cff.Type1CharString -  COMMONS-LOGGING Unknown charstring command in glyph g of font DDDELA+GillSans-Light
[cover-migration] WARN org.apache.fontbox.cff.Type1CharString -  COMMONS-LOGGING Unknown charstring command in glyph g of font DDDELA+GillSans-Light
[cover-migration] WARN org.apache.fontbox.cff.Type1CharString -  COMMONS-LOGGING Unknown charstring command in glyph g of font DDDELA+GillSans-Light
[cover-migration] WARN org.apache.fontbox.cff.Type1CharString -  COMMONS-LOGGING Unknown charstring command in glyph p of font DDDELA+GillSans-Light
[cover-migration] WARN org.apache.fontbox.cff.Type1CharString -  COMMONS-LOGGING Unknown charstring command in glyph p of font DDDELA+GillSans-Light
[cover-migration] WARN org.apache.fontbox.cff.Type1CharString -  COMMONS-LOGGING Unknown charstring command in glyph p of font DDDELA+GillSans-Light
[cover-migration] WARN org.apache.fontbox.cff.Type1CharString -  COMMONS-LOGGING Unknown charstring command in glyph d of font DDDELA+GillSans-Light
[cover-migration] WARN org.apache.fontbox.cff.Type1CharString -  COMMONS-LOGGING Unknown charstring command in glyph d of font DDDELA+GillSans-Light
[cover-migration] WARN org.apache.fontbox.cff.Type1CharString -  COMMONS-LOGGING Unknown charstring command in glyph d of font DDDELA+GillSans-Light
[cover-migration] WARN org.apache.fontbox.cff.Type1CharString -  COMMONS-LOGGING Unknown charstring command in glyph q of font DDDELA+GillSans-Light
[cover-migration] WARN org.apache.fontbox.cff.Type1CharString -  COMMONS-LOGGING Unknown charstring command in glyph q of font DDDELA+GillSans-Light
[cover-migration] WARN org.apache.fontbox.cff.Type1CharString -  COMMONS-LOGGING Unknown charstring command in glyph q of font DDDELA+GillSans-Light
[cover-migration] WARN org.apache.fontbox.cff.Type1CharString -  COMMONS-LOGGING Unknown charstring command in glyph z of font DDDELA+GillSans-Light
[cover-migration] WARN org.apache.fontbox.cff.Type1CharString -  COMMONS-LOGGING Unknown charstring command in glyph z of font DDDELA+GillSans-Light
[cover-migration] WARN org.apache.fontbox.cff.Type1CharString -  COMMONS-LOGGING Unknown charstring command in glyph M of font DDDELA+GillSans-Light
[cover-migration] WARN org.apache.fontbox.cff.Type1CharString -  COMMONS-LOGGING Unknown charstring command in glyph M of font DDDELA+GillSans-Light
[cover-migration] WARN org.apache.fontbox.cff.Type1CharString -  COMMONS-LOGGING Unknown charstring command in glyph colon of font DDDELA+GillSans-Light
[cover-migration] WARN org.apache.fontbox.cff.Type1CharString -  COMMONS-LOGGING Unknown charstring command in glyph colon of font DDDELA+GillSans-Light
[cover-migration] WARN org.apache.fontbox.cff.Type1CharString -  COMMONS-LOGGING Unknown charstring command in glyph three of font DDDELA+GillSans-Light
[cover-migration] WARN org.apache.fontbox.cff.Type1CharString -  COMMONS-LOGGING Unknown charstring command in glyph three of font DDDELA+GillSans-Light
[cover-migration] WARN org.apache.fontbox.cff.Type1CharString -  COMMONS-LOGGING Unknown charstring command in glyph three of font DDDELA+GillSans-Light
[cover-migration] WARN org.apache.fontbox.cff.Type1CharString -  COMMONS-LOGGING Unknown charstring command in glyph three of font DDDELA+GillSans-Light
[cover-migration] WARN org.apache.fontbox.cff.Type1CharString -  COMMONS-LOGGING Unknown charstring command in glyph eight of font DDDELA+GillSans-Light
[cover-migration] WARN org.apache.fontbox.cff.Type1CharString -  COMMONS-LOGGING Unknown charstring command in glyph eight of font DDDELA+GillSans-Light
[cover-migration] WARN org.apache.fontbox.cff.Type1CharString -  COMMONS-LOGGING Unknown charstring command in glyph eight of font DDDELA+GillSans-Light
[cover-migration] WARN org.apache.fontbox.cff.Type1CharString -  COMMONS-LOGGING Unknown charstring command in glyph eight of font DDDELA+GillSans-Light
[cover-migration] WARN org.apache.fontbox.cff.Type1CharString -  COMMONS-LOGGING Unknown charstring command in glyph eight of font DDDELA+GillSans-Light
[cover-migration] WARN org.apache.fontbox.cff.Type1CharString -  COMMONS-LOGGING Unknown charstring command in glyph eight of font DDDELA+GillSans-Light
[cover-migration] WARN org.apache.fontbox.cff.Type1CharString -  COMMONS-LOGGING Unknown charstring command in glyph eight of font DDDELA+GillSans-Light
[cover-migration] WARN org.apache.fontbox.cff.Type1CharString -  COMMONS-LOGGING Unknown charstring command in glyph B of font DDDELA+GillSans-Light
[cover-migration] WARN org.apache.fontbox.cff.Type1CharString -  COMMONS-LOGGING Unknown charstring command in glyph B of font DDDELA+GillSans-Light
[cover-migration] WARN org.apache.fontbox.cff.Type1CharString -  COMMONS-LOGGING Unknown charstring command in glyph B of font DDDELA+GillSans-Light
[cover-migration] WARN org.apache.fontbox.cff.Type1CharString -  COMMONS-LOGGING Unknown charstring command in glyph B of font DDDELA+GillSans-Light
[cover-migration] WARN org.apache.fontbox.cff.Type1CharString -  COMMONS-LOGGING Unknown charstring command in glyph r of font DDDELB+GillSans
[cover-migration] WARN org.apache.fontbox.cff.Type1CharString -  COMMONS-LOGGING Unknown charstring command in glyph r of font DDDELB+GillSans
[cover-migration] WARN org.apache.fontbox.cff.Type1CharString -  COMMONS-LOGGING Unknown charstring command in glyph r of font DDDELB+GillSans
[cover-migration] WARN org.apache.fontbox.cff.Type1CharString -  COMMONS-LOGGING Unknown charstring command in glyph dieresis of font DDDELA+GillSans-Light
[cover-migration] WARN org.apache.fontbox.cff.Type1CharString -  COMMONS-LOGGING Unknown charstring command in glyph dieresis of font DDDELA+GillSans-Light
[cover-migration] WARN org.apache.fontbox.cff.Type1CharString -  COMMONS-LOGGING Unknown charstring command in glyph w of font DDDEHO+Optima
[cover-migration] WARN org.apache.fontbox.cff.Type1CharString -  COMMONS-LOGGING Unknown charstring command in glyph w of font DDDEHO+Optima
[cover-migration] WARN org.apache.fontbox.cff.Type1CharString -  COMMONS-LOGGING Unknown charstring command in glyph w of font DDDEHO+Optima
[cover-migration] WARN org.apache.fontbox.cff.Type1CharString -  COMMONS-LOGGING Unknown charstring command in glyph w of font DDDEHO+Optima
[cover-migration] WARN org.apache.fontbox.cff.Type1CharString -  COMMONS-LOGGING Unknown charstring command in glyph p of font DDDEHO+Optima
[cover-migration] WARN org.apache.fontbox.cff.Type1CharString -  COMMONS-LOGGING Unknown charstring command in glyph p of font DDDEHO+Optima
[cover-migration] WARN org.apache.fontbox.cff.Type1CharString -  COMMONS-LOGGING Unknown charstring command in glyph a of font DDDEHO+Optima
[cover-migration] WARN org.apache.fontbox.cff.Type1CharString -  COMMONS-LOGGING Unknown charstring command in glyph a of font DDDEHO+Optima
[cover-migration] WARN org.apache.fontbox.cff.Type1CharString -  COMMONS-LOGGING Unknown charstring command in glyph a of font DDDEHO+Optima
[cover-migration] WARN org.apache.fontbox.cff.Type1CharString -  COMMONS-LOGGING Unknown charstring command in glyph a of font DDDEHO+Optima
[cover-migration] WARN org.apache.fontbox.cff.Type1CharString -  COMMONS-LOGGING Unknown charstring command in glyph r of font DDDEHO+Optima
[cover-migration] WARN org.apache.fontbox.cff.Type1CharString -  COMMONS-LOGGING Unknown charstring command in glyph r of font DDDEHO+Optima
[cover-migration] WARN org.apache.fontbox.cff.Type1CharString -  COMMONS-LOGGING Unknown charstring command in glyph r of font DDDEHO+Optima
[cover-migration] WARN org.apache.fontbox.cff.Type1CharString -  COMMONS-LOGGING Unknown charstring command in glyph r of font DDDEHO+Optima
[cover-migration] WARN org.apache.fontbox.cff.Type1CharString -  COMMONS-LOGGING Unknown charstring command in glyph r of font DDDEHO+Optima
[cover-migration] WARN org.apache.fontbox.cff.Type1CharString -  COMMONS-LOGGING Unknown charstring command in glyph s of font DDDEHO+Optima
[cover-migration] WARN org.apache.fontbox.cff.Type1CharString -  COMMONS-LOGGING Unknown charstring command in glyph s of font DDDEHO+Optima
[cover-migration] WARN org.apache.fontbox.cff.Type1CharString -  COMMONS-LOGGING Unknown charstring command in glyph s of font DDDEHO+Optima
[cover-migration] WARN org.apache.fontbox.cff.Type1CharString -  COMMONS-LOGGING Unknown charstring command in glyph s of font DDDEHO+Optima
[cover-migration] WARN org.apache.fontbox.cff.Type1CharString -  COMMONS-LOGGING Unknown charstring command in glyph s of font DDDEHO+Optima
[cover-migration] WARN org.apache.fontbox.cff.Type1CharString -  COMMONS-LOGGING Unknown charstring command in glyph s of font DDDEHO+Optima
[cover-migration] WARN org.apache.fontbox.cff.Type1CharString -  COMMONS-LOGGING Unknown charstring command in glyph n of font DDDEHO+Optima
[cover-migration] WARN org.apache.fontbox.cff.Type1CharString -  COMMONS-LOGGING Unknown charstring command in glyph n of font DDDEHO+Optima
[cover-migration] WARN org.apache.fontbox.cff.Type1CharString -  COMMONS-LOGGING Unknown charstring command in glyph n of font DDDEHO+Optima
[cover-migration] WARN org.apache.fontbox.cff.Type1CharString -  COMMONS-LOGGING Unknown charstring command in glyph b of font DDDEHO+Optima
[cover-migration] WARN org.apache.fontbox.cff.Type1CharString -  COMMONS-LOGGING Unknown charstring command in glyph b of font DDDEHO+Optima
[cover-migration] WARN org.apache.fontbox.cff.Type1CharString -  COMMONS-LOGGING Unknown charstring command in glyph b of font DDDEHO+Optima
[cover-migration] WARN org.apache.fontbox.cff.Type1CharString -  COMMONS-LOGGING Unknown charstring command in glyph m of font DDDEHO+Optima
[cover-migration] WARN org.apache.fontbox.cff.Type1CharString -  COMMONS-LOGGING Unknown charstring command in glyph m of font DDDEHO+Optima
[cover-migration] WARN org.apache.fontbox.cff.Type1CharString -  COMMONS-LOGGING Unknown charstring command in glyph S of font DDFIOE+Courier
[cover-migration] WARN org.apache.fontbox.cff.Type1CharString -  COMMONS-LOGGING Unknown charstring command in glyph S of font DDFIOE+Courier
[cover-migration] WARN org.apache.fontbox.cff.Type1CharString -  COMMONS-LOGGING Unknown charstring command in glyph S of font DDFIOE+Courier
[cover-migration] WARN org.apache.fontbox.cff.Type1CharString -  COMMONS-LOGGING Unknown charstring command in glyph S of font DDFIOE+Courier
[cover-migration] WARN org.apache.fontbox.cff.Type1CharString -  COMMONS-LOGGING Unknown charstring command in glyph S of font DDFIOE+Courier
[cover-migration] WARN org.apache.fontbox.cff.Type1CharString -  COMMONS-LOGGING Unknown charstring command in glyph S of font DDFIOE+Courier
[cover-migration] WARN org.apache.fontbox.cff.Type1CharString -  COMMONS-LOGGING Unknown charstring command in glyph S of font DDFIOE+Courier
[cover-migration] WARN org.apache.fontbox.cff.Type1CharString -  COMMONS-LOGGING Unknown charstring command in glyph S of font DDFIOE+Courier
[cover-migration] WARN org.apache.fontbox.cff.Type1CharString -  COMMONS-LOGGING Unknown charstring command in glyph S of font DDFIOE+Courier
[cover-migration] WARN org.apache.fontbox.cff.Type1CharString -  COMMONS-LOGGING Unknown charstring command in glyph c of font DDFIOE+Courier
[cover-migration] WARN org.apache.fontbox.cff.Type1CharString -  COMMONS-LOGGING Unknown charstring command in glyph c of font DDFIOE+Courier
[cover-migration] WARN org.apache.fontbox.cff.Type1CharString -  COMMONS-LOGGING Unknown charstring command in glyph r of font DDFIOE+Courier
[cover-migration] WARN org.apache.fontbox.cff.Type1CharString -  COMMONS-LOGGING Unknown charstring command in glyph r of font DDFIOE+Courier
[cover-migration] WARN org.apache.fontbox.cff.Type1CharString -  COMMONS-LOGGING Unknown charstring command in glyph r of font DDFIOE+Courier
[cover-migration] WARN org.apache.fontbox.cff.Type1CharString -  COMMONS-LOGGING Unknown charstring command in glyph p of font DDFIOE+Courier
[cover-migration] WARN org.apache.fontbox.cff.Type1CharString -  COMMONS-LOGGING Unknown charstring command in glyph p of font DDFIOE+Courier
[cover-migration] WARN org.apache.fontbox.cff.Type1CharString -  COMMONS-LOGGING Unknown charstring command in glyph p of font DDFIOE+Courier
[cover-migration] WARN org.apache.fontbox.cff.Type1CharString -  COMMONS-LOGGING Unknown charstring command in glyph p of font DDFIOE+Courier
[cover-migration] WARN org.apache.fontbox.cff.Type1CharString -  COMMONS-LOGGING Unknown charstring command in glyph three of font DDFIOE+Courier
[cover-migration] WARN org.apache.fontbox.cff.Type1CharString -  COMMONS-LOGGING Unknown charstring command in glyph three of font DDFIOE+Courier
[cover-migration] WARN org.apache.fontbox.cff.Type1CharString -  COMMONS-LOGGING Unknown charstring command in glyph three of font DDFIOE+Courier
[cover-migration] WARN org.apache.fontbox.cff.Type1CharString -  COMMONS-LOGGING Unknown charstring command in glyph three of font DDFIOE+Courier
[cover-migration] WARN org.apache.fontbox.cff.Type1CharString -  COMMONS-LOGGING Unknown charstring command in glyph eight of font DDFIOE+Courier
[cover-migration] WARN org.apache.fontbox.cff.Type1CharString -  COMMONS-LOGGING Unknown charstring command in glyph eight of font DDFIOE+Courier
[cover-migration] WARN org.apache.fontbox.cff.Type1CharString -  COMMONS-LOGGING Unknown charstring command in glyph eight of font DDFIOE+Courier
[cover-migration] WARN org.apache.fontbox.cff.Type1CharString -  COMMONS-LOGGING Unknown charstring command in glyph eight of font DDFIOE+Courier
[cover-migration] WARN org.apache.fontbox.cff.Type1CharString -  COMMONS-LOGGING Unknown charstring command in glyph eight of font DDFIOE+Courier
[cover-migration] WARN org.apache.fontbox.cff.Type1CharString -  COMMONS-LOGGING Unknown charstring command in glyph a of font DDFIOE+Courier
[cover-migration] WARN org.apache.fontbox.cff.Type1CharString -  COMMONS-LOGGING Unknown charstring command in glyph a of font DDFIOE+Courier
[cover-migration] WARN org.apache.fontbox.cff.Type1CharString -  COMMONS-LOGGING Unknown charstring command in glyph a of font DDFIOE+Courier
[cover-migration] WARN org.apache.fontbox.cff.Type1CharString -  COMMONS-LOGGING Unknown charstring command in glyph a of font DDFIOE+Courier
[cover-migration] WARN org.apache.fontbox.cff.Type1CharString -  COMMONS-LOGGING Unknown charstring command in glyph g of font DDFIOE+Courier
[cover-migration] WARN org.apache.fontbox.cff.Type1CharString -  COMMONS-LOGGING Unknown charstring command in glyph g of font DDFIOE+Courier
[cover-migration] WARN org.apache.pdfbox.pdmodel.font.FileSystemFontProvider -  COMMONS-LOGGING 338 new fonts found, font cache will be re-built
[cover-migration] WARN org.apache.pdfbox.pdmodel.font.FileSystemFontProvider -  COMMONS-LOGGING Building on-disk font cache, this may take a while
[cover-migration] WARN org.apache.pdfbox.pdmodel.font.FileSystemFontProvider -  COMMONS-LOGGING Finished building on-disk font cache, found 361 fonts
[cover-migration] WARN org.apache.fontbox.cff.Type1CharString -  COMMONS-LOGGING Unknown charstring command in glyph m of font XODFTO+MinionPro-Regular
[cover-migration] WARN org.apache.fontbox.cff.Type1CharString -  COMMONS-LOGGING Unknown charstring command in glyph m of font XODFTO+MinionPro-Regular
[cover-migration] WARN org.apache.fontbox.cff.Type1CharString -  COMMONS-LOGGING Unknown charstring command in glyph m of font XODFTO+MinionPro-Regular
[cover-migration] WARN org.apache.fontbox.cff.Type1CharString -  COMMONS-LOGGING Unknown charstring command in glyph r of font XODFTO+MinionPro-Regular
[cover-migration] WARN org.apache.fontbox.cff.Type1CharString -  COMMONS-LOGGING Unknown charstring command in glyph r of font XODFTO+MinionPro-Regular
[cover-migration] WARN org.apache.fontbox.cff.Type1CharString -  COMMONS-LOGGING Unknown charstring command in glyph r of font XODFTO+MinionPro-Regular
[cover-migration] WARN org.apache.fontbox.cff.Type1CharString -  COMMONS-LOGGING Unknown charstring command in glyph i of font XODFTO+MinionPro-Regular
[cover-migration] WARN org.apache.fontbox.cff.Type1CharString -  COMMONS-LOGGING Unknown charstring command in glyph i of font XODFTO+MinionPro-Regular
[cover-migration] WARN org.apache.fontbox.cff.Type1CharString -  COMMONS-LOGGING Unknown charstring command in glyph C of font XODFTO+MinionPro-Regular
[cover-migration] WARN org.apache.fontbox.cff.Type1CharString -  COMMONS-LOGGING Unknown charstring command in glyph C of font XODFTO+MinionPro-Regular
[cover-migration] WARN org.apache.fontbox.cff.Type1CharString -  COMMONS-LOGGING Unknown charstring command in glyph C of font XODFTO+MinionPro-Regular
[cover-migration] WARN org.apache.fontbox.cff.Type1CharString -  COMMONS-LOGGING Unknown charstring command in glyph p of font XODFTO+MinionPro-Regular
[cover-migration] WARN org.apache.fontbox.cff.Type1CharString -  COMMONS-LOGGING Unknown charstring command in glyph p of font XODFTO+MinionPro-Regular
[cover-migration] WARN org.apache.fontbox.cff.Type1CharString -  COMMONS-LOGGING Unknown charstring command in glyph d of font XODFTO+MinionPro-Regular
[cover-migration] WARN org.apache.fontbox.cff.Type1CharString -  COMMONS-LOGGING Unknown charstring command in glyph d of font XODFTO+MinionPro-Regular
[cover-migration] WARN org.apache.fontbox.cff.Type1CharString -  COMMONS-LOGGING Unknown charstring command in glyph d of font XODFTO+MinionPro-Regular
[cover-migration] WARN org.apache.fontbox.cff.Type1CharString -  COMMONS-LOGGING Unknown charstring command in glyph d of font XODFTO+MinionPro-Regular
[cover-migration] WARN org.apache.fontbox.cff.Type1CharString -  COMMONS-LOGGING Unknown charstring command in glyph d of font XODFTO+MinionPro-Regular
[cover-migration] WARN org.apache.fontbox.cff.Type1CharString -  COMMONS-LOGGING Unknown charstring command in glyph seven of font XODFTO+MinionPro-Regular
[cover-migration] WARN org.apache.fontbox.cff.Type1CharString -  COMMONS-LOGGING Unknown charstring command in glyph seven of font XODFTO+MinionPro-Regular
[cover-migration] WARN org.apache.fontbox.cff.Type1CharString -  COMMONS-LOGGING Unknown charstring command in glyph five of font XODFTO+MinionPro-Regular
[cover-migration] WARN org.apache.fontbox.cff.Type1CharString -  COMMONS-LOGGING Unknown charstring command in glyph five of font XODFTO+MinionPro-Regular
[cover-migration] WARN org.apache.fontbox.cff.Type1CharString -  COMMONS-LOGGING Unknown charstring command in glyph five of font XODFTO+MinionPro-Regular
[cover-migration] WARN org.apache.fontbox.cff.Type1CharString -  COMMONS-LOGGING Unknown charstring command in glyph m of font XODFTO+MinionPro-Regular
[cover-migration] WARN org.apache.fontbox.cff.Type1CharString -  COMMONS-LOGGING Unknown charstring command in glyph m of font XODFTO+MinionPro-Regular
[cover-migration] WARN org.apache.fontbox.cff.Type1CharString -  COMMONS-LOGGING Unknown charstring command in glyph m of font XODFTO+MinionPro-Regular
[cover-migration] WARN org.apache.fontbox.cff.Type1CharString -  COMMONS-LOGGING Unknown charstring command in glyph r of font XODFTO+MinionPro-Regular
[cover-migration] WARN org.apache.fontbox.cff.Type1CharString -  COMMONS-LOGGING Unknown charstring command in glyph r of font XODFTO+MinionPro-Regular
[cover-migration] WARN org.apache.fontbox.cff.Type1CharString -  COMMONS-LOGGING Unknown charstring command in glyph r of font XODFTO+MinionPro-Regular
[cover-migration] WARN org.apache.fontbox.cff.Type1CharString -  COMMONS-LOGGING Unknown charstring command in glyph i of font XODFTO+MinionPro-Regular
[cover-migration] WARN org.apache.fontbox.cff.Type1CharString -  COMMONS-LOGGING Unknown charstring command in glyph i of font XODFTO+MinionPro-Regular
[cover-migration] WARN org.apache.fontbox.cff.Type1CharString -  COMMONS-LOGGING Unknown charstring command in glyph C of font XODFTO+MinionPro-Regular
[cover-migration] WARN org.apache.fontbox.cff.Type1CharString -  COMMONS-LOGGING Unknown charstring command in glyph C of font XODFTO+MinionPro-Regular
[cover-migration] WARN org.apache.fontbox.cff.Type1CharString -  COMMONS-LOGGING Unknown charstring command in glyph C of font XODFTO+MinionPro-Regular
[cover-migration] WARN org.apache.fontbox.cff.Type1CharString -  COMMONS-LOGGING Unknown charstring command in glyph p of font XODFTO+MinionPro-Regular
[cover-migration] WARN org.apache.fontbox.cff.Type1CharString -  COMMONS-LOGGING Unknown charstring command in glyph p of font XODFTO+MinionPro-Regular
[cover-migration] WARN org.apache.fontbox.cff.Type1CharString -  COMMONS-LOGGING Unknown charstring command in glyph d of font XODFTO+MinionPro-Regular
[cover-migration] WARN org.apache.fontbox.cff.Type1CharString -  COMMONS-LOGGING Unknown charstring command in glyph d of font XODFTO+MinionPro-Regular
[cover-migration] WARN org.apache.fontbox.cff.Type1CharString -  COMMONS-LOGGING Unknown charstring command in glyph d of font XODFTO+MinionPro-Regular
[cover-migration] WARN org.apache.fontbox.cff.Type1CharString -  COMMONS-LOGGING Unknown charstring command in glyph d of font XODFTO+MinionPro-Regular
[cover-migration] WARN org.apache.fontbox.cff.Type1CharString -  COMMONS-LOGGING Unknown charstring command in glyph d of font XODFTO+MinionPro-Regular
[cover-migration] WARN org.apache.fontbox.cff.Type1CharString -  COMMONS-LOGGING Unknown charstring command in glyph seven of font XODFTO+MinionPro-Regular
[cover-migration] WARN org.apache.fontbox.cff.Type1CharString -  COMMONS-LOGGING Unknown charstring command in glyph seven of font XODFTO+MinionPro-Regular
[cover-migration] WARN org.apache.fontbox.cff.Type1CharString -  COMMONS-LOGGING Unknown charstring command in glyph five of font XODFTO+MinionPro-Regular
[cover-migration] WARN org.apache.fontbox.cff.Type1CharString -  COMMONS-LOGGING Unknown charstring command in glyph five of font XODFTO+MinionPro-Regular
[cover-migration] WARN org.apache.fontbox.cff.Type1CharString -  COMMONS-LOGGING Unknown charstring command in glyph five of font XODFTO+MinionPro-Regular
[cover-migration] WARN org.apache.pdfbox.pdfparser.PDFParser -  COMMONS-LOGGING Error: Header doesn't contain versioninfo
[CAPA] Falha na migração de 'Rona': Missing root object specification in trailer.
